// Vitest Snapshot v1, https://vitest.dev/guide/snapshot.html

exports[`QuestionnaireSelector tests > matches snapshot 1`] = `
{
  "asFragment": [Function],
  "baseElement": <body>
    <div>
      <div
        class="ons-input-items"
      >
        <div
          class="ons-checkboxes__items"
        >
          <form
            action="#"
            id="form-_r_0_"
            novalidate=""
          >
            <div
              class="ons-field ons-u-mb-m"
              id="form-_r_0_-questionnaires"
            >
              <fieldset
                class="ons-fieldset"
              >
                <legend
                  class="ons-fieldset__legend ons-u-fs-r--b"
                />
                <div
                  class="ons-grid"
                >
                  <div
                    class="ons-grid__col ons-col-8@m ons-col-6@l"
                  >
                    <button
                      class="ons-btn ons-u-mb-s ons-js-auto-selector ons-btn--small ons-btn--secondary"
                      type="button"
                    >
                      <span
                        class="ons-btn__inner"
                      >
                        <span
                          class="ons-js-button-text"
                        >
                          Select All
                        </span>
                        <span
                          class="ons-u-vh"
                        >
                           following checkboxes
                        </span>
                      </span>
                    </button>
                    <div
                      class="ons-input-items"
                    >
                      <div
                        class="ons-checkboxes__items"
                      >
                        <div
                          class="ons-checkboxes__item"
                        >
                          <span
                            class="ons-checkbox"
                          >
                            <input
                              checked=""
                              class="ons-checkbox__input"
                              id="LMS2101_AA1"
                              name="questionnaires"
                              type="checkbox"
                              value="LMS2101_AA1"
                            />
                            <label
                              class="ons-checkbox__label "
                              for="LMS2101_AA1"
                            >
                              LMS2101_AA1
                            </label>
                          </span>
                        </div>
                        <div
                          class="ons-checkboxes__item"
                        >
                          <span
                            class="ons-checkbox"
                          >
                            <input
                              class="ons-checkbox__input"
                              id="LMS2101_BB1"
                              name="questionnaires"
                              type="checkbox"
                              value="LMS2101_BB1"
                            />
                            <label
                              class="ons-checkbox__label "
                              for="LMS2101_BB1"
                            >
                              LMS2101_BB1
                            </label>
                          </span>
                        </div>
                        <div
                          class="ons-checkboxes__item"
                        >
                          <span
                            class="ons-checkbox"
                          >
                            <input
                              class="ons-checkbox__input"
                              id="LMS2101_CC1"
                              name="questionnaires"
                              type="checkbox"
                              value="LMS2101_CC1"
                            />
                            <label
                              class="ons-checkbox__label "
                              for="LMS2101_CC1"
                            >
                              LMS2101_CC1
                            </label>
                          </span>
                        </div>
                      </div>
                    </div>
                  </div>
                </div>
              </fieldset>
            </div>
            <button
              class="ons-btn"
              data-testid="form-_r_0_-submit-button"
              id="form-_r_0_-submit"
              type="submit"
            >
              <span
                class="ons-btn__inner"
              >
                <span
                  class="ons-btn__text"
                >
                  Run report
                </span>
              </span>
            </button>
          </form>
        </div>
      </div>
    </div>
  </body>,
  "container": <div>
    <div
      class="ons-input-items"
    >
      <div
        class="ons-checkboxes__items"
      >
        <form
          action="#"
          id="form-_r_0_"
          novalidate=""
        >
          <div
            class="ons-field ons-u-mb-m"
            id="form-_r_0_-questionnaires"
          >
            <fieldset
              class="ons-fieldset"
            >
              <legend
                class="ons-fieldset__legend ons-u-fs-r--b"
              />
              <div
                class="ons-grid"
              >
                <div
                  class="ons-grid__col ons-col-8@m ons-col-6@l"
                >
                  <button
                    class="ons-btn ons-u-mb-s ons-js-auto-selector ons-btn--small ons-btn--secondary"
                    type="button"
                  >
                    <span
                      class="ons-btn__inner"
                    >
                      <span
                        class="ons-js-button-text"
                      >
                        Select All
                      </span>
                      <span
                        class="ons-u-vh"
                      >
                         following checkboxes
                      </span>
                    </span>
                  </button>
                  <div
                    class="ons-input-items"
                  >
                    <div
                      class="ons-checkboxes__items"
                    >
                      <div
                        class="ons-checkboxes__item"
                      >
                        <span
                          class="ons-checkbox"
                        >
                          <input
                            checked=""
                            class="ons-checkbox__input"
                            id="LMS2101_AA1"
                            name="questionnaires"
                            type="checkbox"
                            value="LMS2101_AA1"
                          />
                          <label
                            class="ons-checkbox__label "
                            for="LMS2101_AA1"
                          >
                            LMS2101_AA1
                          </label>
                        </span>
                      </div>
                      <div
                        class="ons-checkboxes__item"
                      >
                        <span
                          class="ons-checkbox"
                        >
                          <input
                            class="ons-checkbox__input"
                            id="LMS2101_BB1"
                            name="questionnaires"
                            type="checkbox"
                            value="LMS2101_BB1"
                          />
                          <label
                            class="ons-checkbox__label "
                            for="LMS2101_BB1"
                          >
                            LMS2101_BB1
                          </label>
                        </span>
                      </div>
                      <div
                        class="ons-checkboxes__item"
                      >
                        <span
                          class="ons-checkbox"
                        >
                          <input
                            class="ons-checkbox__input"
                            id="LMS2101_CC1"
                            name="questionnaires"
                            type="checkbox"
                            value="LMS2101_CC1"
                          />
                          <label
                            class="ons-checkbox__label "
                            for="LMS2101_CC1"
                          >
                            LMS2101_CC1
                          </label>
                        </span>
                      </div>
                    </div>
                  </div>
                </div>
              </div>
            </fieldset>
          </div>
          <button
            class="ons-btn"
            data-testid="form-_r_0_-submit-button"
            id="form-_r_0_-submit"
            type="submit"
          >
            <span
              class="ons-btn__inner"
            >
              <span
                class="ons-btn__text"
              >
                Run report
              </span>
            </span>
          </button>
        </form>
      </div>
    </div>
  </div>,
  "debug": [Function],
  "findAllByAltText": [Function],
  "findAllByDisplayValue": [Function],
  "findAllByLabelText": [Function],
  "findAllByPlaceholderText": [Function],
  "findAllByRole": [Function],
  "findAllByTestId": [Function],
  "findAllByText": [Function],
  "findAllByTitle": [Function],
  "findByAltText": [Function],
  "findByDisplayValue": [Function],
  "findByLabelText": [Function],
  "findByPlaceholderText": [Function],
  "findByRole": [Function],
  "findByTestId": [Function],
  "findByText": [Function],
  "findByTitle": [Function],
  "getAllByAltText": [Function],
  "getAllByDisplayValue": [Function],
  "getAllByLabelText": [Function],
  "getAllByPlaceholderText": [Function],
  "getAllByRole": [Function],
  "getAllByTestId": [Function],
  "getAllByText": [Function],
  "getAllByTitle": [Function],
  "getByAltText": [Function],
  "getByDisplayValue": [Function],
  "getByLabelText": [Function],
  "getByPlaceholderText": [Function],
  "getByRole": [Function],
  "getByTestId": [Function],
  "getByText": [Function],
  "getByTitle": [Function],
  "queryAllByAltText": [Function],
  "queryAllByDisplayValue": [Function],
  "queryAllByLabelText": [Function],
  "queryAllByPlaceholderText": [Function],
  "queryAllByRole": [Function],
  "queryAllByTestId": [Function],
  "queryAllByText": [Function],
  "queryAllByTitle": [Function],
  "queryByAltText": [Function],
  "queryByDisplayValue": [Function],
  "queryByLabelText": [Function],
  "queryByPlaceholderText": [Function],
  "queryByRole": [Function],
  "queryByTestId": [Function],
  "queryByText": [Function],
  "queryByTitle": [Function],
  "rerender": [Function],
  "unmount": [Function],
}
`;
